05/25/2022 01:47:03 PM is when this event was logged.
asdp is when this event was logged.
05/25/2022 01:48:53 PM is when this event was logged.
05/25/2022 01:56:34 PM is when this event was logged.
